// Jest Snapshot v1, https://goo.gl/fbAQLP

exports[`AddContacts should match the snapshot 1`] = `ShallowWrapper {}`;
